TLC2 Version 2.19 of 08 August 2024 (rev: 5a47802)
Warning: Please run the Java VM which executes TLC with a throughput optimized garbage collector by passing the "-XX:+UseParallelGC" property.
(Use the -nowarning option to disable this warning.)
Running breadth-first search Model-Checking with fp 56 and seed -5721335058916112500 with 1 worker on 10 cores with 16384MB heap and 64MB offheap memory [pid: 98114] (Mac OS X 26.6.1 aarch64, Oracle Corporation 21 x86_64, MSBDiskFPSet, DiskStateQueue).
Parsing file /Users/hayde/IdeaProjects/wt-217-his-5/specs/desired_program_model/HomeIntegrityInternal.tla
Parsing file /private/var/folders/b7/rsz3g6wn4hg8zl2bwmdx61q00000gn/T/Integers.tla
Parsing file /private/var/folders/b7/rsz3g6wn4hg8zl2bwmdx61q00000gn/T/Naturals.tla
Semantic processing of module Naturals
Semantic processing of module Integers
Semantic processing of module HomeIntegrityInternal
Starting... (2026-08-23 22:00:32)
Computing initial states...
Finished computing initial states: 1 distinct state generated at 2026-08-23 22:00:32.
Error: Invariant ProjectionResolvesInsideThisHome is violated.
Error: The behavior up to this point is:
State 1: <Initial predicate>
/\ hi_phase = "provisioned"
/\ hi_home_digest = "A"
/\ hi_record_revision = "A"
/\ hi_store_revision = "A"
/\ hi_ack_own_writes = FALSE
/\ hi_ack_baseline = "A"
/\ hi_child_registered = FALSE
/\ hi_projection_target = "self"
/\ hi_record_error = FALSE
/\ hi_acknowledged = TRUE

State 2: <MaterializeIntoRegisteredChild line 143, col 3 to line 148, col 48 of module HomeIntegrityInternal>
/\ hi_phase = "provisioned"
/\ hi_home_digest = "A"
/\ hi_record_revision = "A"
/\ hi_store_revision = "A"
/\ hi_ack_own_writes = FALSE
/\ hi_ack_baseline = "A"
/\ hi_child_registered = TRUE
/\ hi_projection_target = "child"
/\ hi_record_error = FALSE
/\ hi_acknowledged = TRUE

4 states generated, 4 distinct states found, 2 states left on queue.
The depth of the complete state graph search is 2.
Finished in 00s at (2026-08-23 22:00:32)
