TLC2 Version 2.19 of 08 August 2024 (rev: 5a47802)
Warning: Please run the Java VM which executes TLC with a throughput optimized garbage collector by passing the "-XX:+UseParallelGC" property.
(Use the -nowarning option to disable this warning.)
Running breadth-first search Model-Checking with fp 4 and seed 1036668983078363690 with 1 worker on 10 cores with 16384MB heap and 64MB offheap memory [pid: 97850] (Mac OS X 26.6.1 aarch64, Oracle Corporation 21 x86_64, MSBDiskFPSet, DiskStateQueue).
Parsing file /Users/hayde/IdeaProjects/wt-217-his-5/specs/desired_program_model/HomeIntegrityInternal.tla
Parsing file /private/var/folders/b7/rsz3g6wn4hg8zl2bwmdx61q00000gn/T/Integers.tla
Parsing file /private/var/folders/b7/rsz3g6wn4hg8zl2bwmdx61q00000gn/T/Naturals.tla
Semantic processing of module Naturals
Semantic processing of module Integers
Semantic processing of module HomeIntegrityInternal
Starting... (2026-08-23 22:00:28)
Computing initial states...
Finished computing initial states: 1 distinct state generated at 2026-08-23 22:00:28.
Model checking completed. No error has been found.
  Estimates of the probability that TLC did not check all reachable states
  because two distinct states had the same fingerprint:
  calculated (optimistic):  val = 5.4E-19
11 states generated, 10 distinct states found, 0 states left on queue.
The depth of the complete state graph search is 4.
The average outdegree of the complete state graph is 1 (minimum is 0, the maximum 3 and the 95th percentile is 3).
Finished in 00s at (2026-08-23 22:00:28)
