TLC2 Version 2.19 of 08 August 2024 (rev: 5a47802)
Warning: Please run the Java VM which executes TLC with a throughput optimized garbage collector by passing the "-XX:+UseParallelGC" property.
(Use the -nowarning option to disable this warning.)
Running breadth-first search Model-Checking with fp 56 and seed -8147929878584899814 with 1 worker on 10 cores with 16384MB heap and 64MB offheap memory [pid: 97969] (Mac OS X 26.6.1 aarch64, Oracle Corporation 21 x86_64, MSBDiskFPSet, DiskStateQueue).
Parsing file /Users/hayde/IdeaProjects/wt-217-his-5/specs/desired_program_model/HomeIntegrityInternal.tla
Parsing file /private/var/folders/b7/rsz3g6wn4hg8zl2bwmdx61q00000gn/T/Integers.tla
Parsing file /private/var/folders/b7/rsz3g6wn4hg8zl2bwmdx61q00000gn/T/Naturals.tla
Semantic processing of module Naturals
Semantic processing of module Integers
Semantic processing of module HomeIntegrityInternal
Starting... (2026-08-23 22:00:29)
Computing initial states...
Finished computing initial states: 1 distinct state generated at 2026-08-23 22:00:30.
Error: Invariant AckIsNotStaleOnArrival is violated.
Error: The behavior up to this point is:
State 1: <Initial predicate>
/\ hi_phase = "provisioned"
/\ hi_home_digest = "A"
/\ hi_record_revision = "A"
/\ hi_store_revision = "A"
/\ hi_ack_own_writes = FALSE
/\ hi_ack_baseline = "A"
/\ hi_child_registered = FALSE
/\ hi_projection_target = "self"
/\ hi_record_error = FALSE
/\ hi_acknowledged = TRUE

State 2: <SyncAdvancesStoreAndRecord line 106, col 3 to line 114, col 38 of module HomeIntegrityInternal>
/\ hi_phase = "changed"
/\ hi_home_digest = "B"
/\ hi_record_revision = "B"
/\ hi_store_revision = "B"
/\ hi_ack_own_writes = FALSE
/\ hi_ack_baseline = "A"
/\ hi_child_registered = FALSE
/\ hi_projection_target = "self"
/\ hi_record_error = FALSE
/\ hi_acknowledged = FALSE

State 3: <AcknowledgeDetectionDigest line 216, col 3 to line 223, col 31 of module HomeIntegrityInternal>
/\ hi_phase = "acknowledged"
/\ hi_home_digest = "B"
/\ hi_record_revision = "B"
/\ hi_store_revision = "B"
/\ hi_ack_own_writes = FALSE
/\ hi_ack_baseline = "A"
/\ hi_child_registered = FALSE
/\ hi_projection_target = "self"
/\ hi_record_error = FALSE
/\ hi_acknowledged = TRUE

3 states generated, 3 distinct states found, 0 states left on queue.
The depth of the complete state graph search is 3.
The average outdegree of the complete state graph is 1 (minimum is 1, the maximum 1 and the 95th percentile is 1).
Finished in 00s at (2026-08-23 22:00:30)
