TLC2 Version 2.19 of 08 August 2024 (rev: 5a47802)
Warning: Please run the Java VM which executes TLC with a throughput optimized garbage collector by passing the "-XX:+UseParallelGC" property.
(Use the -nowarning option to disable this warning.)
Running breadth-first search Model-Checking with fp 36 and seed 5689707035589191752 with 1 worker on 10 cores with 16384MB heap and 64MB offheap memory [pid: 8096] (Mac OS X 26.6.1 aarch64, Oracle Corporation 21 x86_64, MSBDiskFPSet, DiskStateQueue).
Parsing file /Users/hayde/IdeaProjects/wt-217-his-5/specs/desired_program_model/HomeIntegrityInternal.tla
Parsing file /private/var/folders/b7/rsz3g6wn4hg8zl2bwmdx61q00000gn/T/Integers.tla
Parsing file /private/var/folders/b7/rsz3g6wn4hg8zl2bwmdx61q00000gn/T/Naturals.tla
Semantic processing of module Naturals
Semantic processing of module Integers
Semantic processing of module HomeIntegrityInternal
Starting... (2026-08-23 23:08:09)
Computing initial states...
Finished computing initial states: 1 distinct state generated at 2026-08-23 23:08:09.
Model checking completed. No error has been found.
  Estimates of the probability that TLC did not check all reachable states
  because two distinct states had the same fingerprint:
  calculated (optimistic):  val = 1.8E-10
  based on the actual fingerprints:  val = 7.8E-12
158801 states generated, 24000 distinct states found, 0 states left on queue.
The depth of the complete state graph search is 14.
The average outdegree of the complete state graph is 1 (minimum is 0, the maximum 15 and the 95th percentile is 4).
Finished in 00s at (2026-08-23 23:08:10)
