### BEFORE: jinja2 entry point
skill-manager: 'jinja2' is declared in this home and has not been built.
  reason:  it links to ../../venvs/jinja2-cli/bin/jinja2, which this home does not have
  home:    /Users/hayde/IdeaProjects/wt-224-his-8/.skill-manager
  build it:  skill-manager build 'cli-shim:pip/jinja2-cli[yaml]'
        or:  skt build 'cli-shim:pip/jinja2-cli[yaml]'
  note:    that command exits 1 even when it built what you asked for (ARTI-06); re-run this entry point rather than trusting its status.
entrypoint_exit=86
total 0
drwxr-xr-x@  2 hayde  staff   64 Aug 23 20:27 .
drwxr-xr-x@ 23 hayde  staff  736 Aug 23 20:27 ..

### skill-manager build 'cli-shim:pip/jinja2-cli[yaml]' --yes
→ exec: /Users/hayde/IdeaProjects/wt-224-his-8/.skill-manager/pm/uv/0.4.18/bin/uv tool install --force jinja2-cli[yaml]==0.8.2
Resolved 4 packages in 59ms
Installed 4 packages in 10ms
 + jinja2==3.1.6
 + jinja2-cli==0.8.2
 + markupsafe==3.0.3
 + pyyaml==6.0.3
Installed 1 executable: jinja2
warning: `/Users/hayde/IdeaProjects/wt-224-his-8/.skill-manager/bin/cli` is not on your PATH. To use installed tools, run `export PATH="/Users/hayde/IdeaProjects/wt-224-his-8/.skill-manager/bin/cli:$PATH"` or `uv tool update-shell`.
✓ cli: installed jinja2-cli[yaml]==0.8.2 via uv tool (bin=/Users/hayde/IdeaProjects/wt-224-his-8/.skill-manager/bin/cli)
✓ cli: jinja2-cli[yaml] [pip] installed for spec-double-compiler
✓ cli: 1 installed
build — /Users/hayde/IdeaProjects/wt-224-his-8/.skill-manager

  built       cli-shim:pip/jinja2-cli[yaml]
      stale — it is declared and not usable on disk
      producer: pip:jinja2-cli[yaml] (declared by spec-double-compiler)
      now: current — its inputs still hash to the fingerprint recorded at install (declared spec + version 0.8.2 resolved into venvs/jinja2-cli)

1 selected: 1 built, 0 already current, 0 not buildable here
build_exit=0

### AFTER: jinja2 entry point
jinja2-cli v0.8.2
 - Jinja2 v3.1.6
entrypoint_exit=0

### venvs now
jinja2-cli
### second data point: pytest
build — /Users/hayde/IdeaProjects/wt-224-his-8/.skill-manager

  no-op       cli-shim:pip/pytest
      stale — it is declared and not usable on disk
      producer: pip:pytest (declared by spec-double-compiler)
      now: stale — its output bin/cli/pytest is not there — a declared artifact with nothing usable at its path does not describe its inputs, whatever they hash to
✗       the producer ran and this home still does not hold the artifact — it reported the dependency already satisfied from outside this home and wrote nothing. This is not a repair.

1 selected: 0 built, 0 already current, 0 not buildable here
✗ 1 producer(s) ran and wrote nothing — the backend reported the dependency already satisfied from outside this home
1 of the selected artifact(s) are still stale
  log: /var/folders/b7/rsz3g6wn4hg8zl2bwmdx61q00000gn/T/skill-manager/logs/build-20260823-204452-4ad1.log
build_exit=

### artifacts stale summary now
11 stale, 4 unverifiable, 24 current, of 39 artifact(s)
  (--unverifiable names the ones nothing in this home could decide; an undecided artifact is not a current one)

### rebuild an already-current one (--force)
      producer: pip:pytest (declared by spec-double-compiler)
      now: stale — its output bin/cli/pytest is not there — a declared artifact with nothing usable at its path does not describe its inputs, whatever they hash to
✗       the producer ran and this home still does not hold the artifact — it reported the dependency already satisfied from outside this home and wrote nothing. This is not a repair.

1 selected: 0 built, 0 already current, 0 not buildable here
✗ 1 producer(s) ran and wrote nothing — the backend reported the dependency already satisfied from outside this home
1 of the selected artifact(s) are still stale
  log: /var/folders/b7/rsz3g6wn4hg8zl2bwmdx61q00000gn/T/skill-manager/logs/build-20260823-204457-f5a2.log
force_exit=
