# V1 -- branch moved: THE WRITER'S PIN STRING -- the whole ticket, reverted to the pre-HIS-19 line. `choose` is still CALLED, so the mutated path is demonstrably reached and only its answer is discarded.
# mutation:
#   DurableCliPin.Choice choice = DurableCliPin.choose(pinnedCli);
        Path pin = choice.pin();
# ->
#   DurableCliPin.Choice choice = DurableCliPin.choose(pinnedCli);
        Path pin = pinnedCli.toAbsolutePath().normalize();
# file: src/main/java/dev/skillmanager/launch/LauncherShims.java
# generated by: probes.py V1
# verdict: FAILURES: 9
# red on a CLAIM: 9   red on a PRECONDITION only: 0
#
# A red is this probe's evidence only when the reddened assertion is the
# CLAIM. Lines marked (precondition) failed on setup and prove nothing about
# the branch -- mechanism A of the vacuity ledger.

[FAIL] CLAIM 1: a home pinned BEFORE a version change still runs a CLI after it: after the upgrade the home's front door still opens, onto the build that replaced the one it was provisioned with: expected <BUILD 0.24.0> but was <skill-manag  …[truncated]
[FAIL] the writer records a VERSIONLESS pin, which is the mechanism claim 1 rests on: expected false: and it names no version: /var/folders/b7/rsz3g6wn4hg8zl2bwmdx61q00000gn/T/his19-brew-17467438244210136875/prefix/Cellar/skill-manager/0.23  …[truncated]
[FAIL] CLAIM 1 CONTROL: the SAME home with a versioned pin is dead after it: and its twin over the same sandbox still runs — one disk state, two pins, two verdicts: expected <BUILD 0.24.0> but was <skill-manager: the CLI pinned for the home  …[truncated]
[FAIL] CLAIM 2: HIS-13's DANGLING_CLI_PIN does not fire on the new writer's home: not true: no DANGLING_CLI_PIN on a home pinned by the new writer: [DANGLING_CLI_PIN bin/cli/skill-manager — pins the build at /var/folders/b7/rsz3g6wn4hg8zl2b  …[truncated]
[FAIL] CLAIM 3: `home verify` no longer exits 0 on a home whose pin is dead: while the durably-pinned twin over the same sandbox still passes: ✗ 1 CLI pin(s) in /var/folders/b7/rsz3g6wn4hg8zl2bwmdx61q00000gn/T/his19-brew-1319554092628857908  …[truncated]
[PASS] MIGRATION: `home repair --fix` re-pins an existing home DURABLY, so the next upgrade does not break it again
[FAIL] ONE ANSWER: the repairer's target is the pin the writer would write: the remedy names the path the repair will actually write: expected </var/folders/b7/rsz3g6wn4hg8zl2bwmdx61q00000gn/T/his19-brew-3170641999021751570/prefix/Cellar/sk  …[truncated]
[FAIL] MAJOR 1: `home shims` PRINTS the pin it wrote, byte for byte: expected false: and specifically it is NOT the located build, which is what it reported before this assertion existed
[FAIL] MAJOR 1: the --json `cli` field is the pin that was written too: expected false: and not the located build
[FAIL] HONEST LIMIT: a package-manager alias FOLLOWS a deliberate downgrade: the home follows the operator's own installation backwards — this is a LIMIT of the design, deliberately recorded. It is not issue #61: nothing was resolved at lau  …[truncated]
[PASS] IDEMPOTENT: feeding the chosen pin back in returns it unchanged
[PASS] BRANCH NO_VERSION_TO_LOSE: a build that names no version is pinned as-is
[PASS] BRANCH HOMEBREW_LINKED: the prefix's linked name wins, with no PATH at all
[PASS] BRANCH HOMEBREW_KEG: a keg-only formula falls to the opt alias
[PASS] BRANCH NO_DURABLE_ALIAS: with nothing versionless pointing at it, the versioned path is kept
[PASS] GATE: a versionless alias naming a DIFFERENT build is never taken
[PASS] GATE: an alias that ALSO names a version is not an improvement
[PASS] GATE: a build that does not resolve is left exactly as it was
[PASS] the version test errs narrow: a worktree, a temp dir and a bare number are not versions
[PASS] the library verdict and the command agree about one home
