# V13 -- branch moved: the UNRESOLVABLE-LOCATED message branch. Review of #250, m4: this branch is VERDICT-neutral -- with `real` null every candidate fails the same-file gate anyway -- so the probe named after it used to pass with it deleted. What it decides is the RECORDED REASON, and that is now what the case asserts.
# mutation:
#   Path real = realOrNull(abs);
        if (real == null) {
# ->
#   Path real = realOrNull(abs);
        if (false) {
# file: src/main/java/dev/skillmanager/launch/DurableCliPin.java
# generated by: probes.py V13
# verdict: FAILURES: 1
# red on a CLAIM: 1   red on a PRECONDITION only: 0
#
# A red is this probe's evidence only when the reddened assertion is the
# CLAIM. Lines marked (precondition) failed on setup and prove nothing about
# the branch -- mechanism A of the vacuity ledger.

[PASS] CLAIM 1: a home pinned BEFORE a version change still runs a CLI after it
[PASS] the writer records a VERSIONLESS pin, which is the mechanism claim 1 rests on
[PASS] CLAIM 1 CONTROL: the SAME home with a versioned pin is dead after it
[PASS] CLAIM 2: HIS-13's DANGLING_CLI_PIN does not fire on the new writer's home
[PASS] CLAIM 3: `home verify` no longer exits 0 on a home whose pin is dead
[PASS] MIGRATION: `home repair --fix` re-pins an existing home DURABLY, so the next upgrade does not break it again
[PASS] ONE ANSWER: the repairer's target is the pin the writer would write
[PASS] MAJOR 1: `home shims` PRINTS the pin it wrote, byte for byte
[PASS] MAJOR 1: the --json `cli` field is the pin that was written too
[PASS] HONEST LIMIT: a package-manager alias FOLLOWS a deliberate downgrade
[PASS] IDEMPOTENT: feeding the chosen pin back in returns it unchanged
[PASS] BRANCH NO_VERSION_TO_LOSE: a build that names no version is pinned as-is
[PASS] BRANCH HOMEBREW_LINKED: the prefix's linked name wins, with no PATH at all
[PASS] BRANCH HOMEBREW_KEG: a keg-only formula falls to the opt alias
[PASS] BRANCH NO_DURABLE_ALIAS: with nothing versionless pointing at it, the versioned path is kept
[PASS] GATE: a versionless alias naming a DIFFERENT build is never taken
[PASS] GATE: an alias that ALSO names a version is not an improvement
[FAIL] GATE: a build that does not resolve is left exactly as it was: and the operator is told the build they named is absent, not that some alias failed to match: expected </nonexistent/bin/skill-manager — skipped: no such file
[PASS] the version test errs narrow: a worktree, a temp dir and a bare number are not versions
[PASS] the library verdict and the command agree about one home
