# V14 -- branch moved: MAJOR 2's INVARIANT: every candidate is DERIVED FROM THE LOCATED PATH. This plants a candidate that is not -- an absolute path chosen without looking at `abs`, which is what the removed PATH arm amounted to. The same-file gate still refuses it, so nothing unsafe is pinned; what reddens is every arm that depended on a derived candidate existing.
# mutation:
#   out.add(new Candidate(keg.prefix().resolve("bin").resolve(name),
                    Source.HOMEBREW_LINKED));
            out.add(new Candi
# ->
#   out.add(new Candidate(java.nio.file.Path.of("/usr/bin").resolve(name),
                    Source.HOMEBREW_LINKED));
# file: src/main/java/dev/skillmanager/launch/DurableCliPin.java
# generated by: probes.py V14
# verdict: FAILURES: 13
# red on a CLAIM: 10   red on a PRECONDITION only: 3
#
# A red is this probe's evidence only when the reddened assertion is the
# CLAIM. Lines marked (precondition) failed on setup and prove nothing about
# the branch -- mechanism A of the vacuity ledger.

[FAIL] CLAIM 1: a home pinned BEFORE a version change still runs a CLI after it: after the upgrade the home's front door still opens, onto the build that replaced the one it was provisioned with: expected <BUILD 0.24.0> but was <skill-manag  …[truncated]
[FAIL] the writer records a VERSIONLESS pin, which is the mechanism claim 1 rests on: expected false: and it names no version: /var/folders/b7/rsz3g6wn4hg8zl2bwmdx61q00000gn/T/his19-brew-14110500741013322730/prefix/Cellar/skill-manager/0.23  …[truncated]
[FAIL] CLAIM 1 CONTROL: the SAME home with a versioned pin is dead after it: and its twin over the same sandbox still runs — one disk state, two pins, two verdicts: expected <BUILD 0.24.0> but was <skill-manager: the CLI pinned for the home  …[truncated]
[FAIL] CLAIM 2: HIS-13's DANGLING_CLI_PIN does not fire on the new writer's home: not true: no DANGLING_CLI_PIN on a home pinned by the new writer: [DANGLING_CLI_PIN bin/cli/skill-manager — pins the build at /var/folders/b7/rsz3g6wn4hg8zl2b  …[truncated]
[FAIL] CLAIM 3: `home verify` no longer exits 0 on a home whose pin is dead: while the durably-pinned twin over the same sandbox still passes: ✗ 1 CLI pin(s) in /var/folders/b7/rsz3g6wn4hg8zl2bwmdx61q00000gn/T/his19-brew-1459710793313303018  …[truncated]
[FAIL] MIGRATION: `home repair --fix` re-pins an existing home DURABLY, so the next upgrade does not break it again: expected false: and the repair wrote a DURABLE pin, not the located keg path: /var/folders/b7/rsz3g6wn4hg8zl2bwmdx61q00000g  …[truncated]
[PASS] ONE ANSWER: the repairer's target is the pin the writer would write
[FAIL] MAJOR 1: `home shims` PRINTS the pin it wrote, byte for byte: not true: precondition: this fixture substitutes, so the printed and the located paths are genuinely different strings  (precondition)
[FAIL] MAJOR 1: the --json `cli` field is the pin that was written too: expected false: and not the located build
[FAIL] HONEST LIMIT: a package-manager alias FOLLOWS a deliberate downgrade: the home follows the operator's own installation backwards — this is a LIMIT of the design, deliberately recorded. It is not issue #61: nothing was resolved at lau  …[truncated]
[PASS] IDEMPOTENT: feeding the chosen pin back in returns it unchanged
[PASS] BRANCH NO_VERSION_TO_LOSE: a build that names no version is pinned as-is
[FAIL] BRANCH HOMEBREW_LINKED: the prefix's linked name wins, with no PATH at all: derived from the located path alone: a `home shims` run with an empty environment gets the same answer as a login shell: expected <HOMEBREW_LINKED> but was <  …[truncated]
[FAIL] BRANCH HOMEBREW_KEG: a keg-only formula falls to the opt alias: opt/<formula> is maintained for keg-only formulae too: expected <HOMEBREW_KEG> but was <NO_DURABLE_ALIAS>
[PASS] BRANCH NO_DURABLE_ALIAS: with nothing versionless pointing at it, the versioned path is kept
[FAIL] GATE: a versionless alias naming a DIFFERENT build is never taken: not true: precondition: the decoy was considered as a candidate: [/usr/bin/skill-manager, /var/folders/b7/rsz3g6wn4hg8zl2bwmdx61q00000gn/T/his19-brew-1602344797907442  …[truncated]  (precondition)
[FAIL] GATE: an alias that ALSO names a version is not an improvement: not true: precondition: the versioned alias was considered as a candidate: [/usr/bin/skill-manager, /var/folders/b7/rsz3g6wn4hg8zl2bwmdx61q00000gn/T/his19-brew-162824735  …[truncated]  (precondition)
[PASS] GATE: a build that does not resolve is left exactly as it was
[PASS] the version test errs narrow: a worktree, a temp dir and a bare number are not versions
[PASS] the library verdict and the command agree about one home
