# V2 -- branch moved: the HOMEBREW_LINKED candidate alone. The keg alias below still fires, so a home still survives an upgrade -- which is the point: these are separate branches and only the one named here should redden.
# mutation:
#   out.add(new Candidate(keg.prefix().resolve("bin").resolve(name),
                    Source.HOMEBREW_LINKED));
# ->
#   out.add(new Candidate(keg.prefix().resolve("bin").resolve(name),
                    Source.HOMEBREW_LINKED)); if (true) { out.remove(out.si
# file: src/main/java/dev/skillmanager/launch/DurableCliPin.java
# generated by: probes.py V2
# verdict: FAILURES: 4
# red on a CLAIM: 2   red on a PRECONDITION only: 2
#
# A red is this probe's evidence only when the reddened assertion is the
# CLAIM. Lines marked (precondition) failed on setup and prove nothing about
# the branch -- mechanism A of the vacuity ledger.

[PASS] CLAIM 1: a home pinned BEFORE a version change still runs a CLI after it
[FAIL] the writer records a VERSIONLESS pin, which is the mechanism claim 1 rests on: specifically, the prefix entry brew re-points on every upgrade: expected </var/folders/b7/rsz3g6wn4hg8zl2bwmdx61q00000gn/T/his19-brew-2005356557538401418/  …[truncated]
[PASS] CLAIM 1 CONTROL: the SAME home with a versioned pin is dead after it
[PASS] CLAIM 2: HIS-13's DANGLING_CLI_PIN does not fire on the new writer's home
[PASS] CLAIM 3: `home verify` no longer exits 0 on a home whose pin is dead
[PASS] MIGRATION: `home repair --fix` re-pins an existing home DURABLY, so the next upgrade does not break it again
[PASS] ONE ANSWER: the repairer's target is the pin the writer would write
[PASS] MAJOR 1: `home shims` PRINTS the pin it wrote, byte for byte
[PASS] MAJOR 1: the --json `cli` field is the pin that was written too
[PASS] HONEST LIMIT: a package-manager alias FOLLOWS a deliberate downgrade
[PASS] IDEMPOTENT: feeding the chosen pin back in returns it unchanged
[PASS] BRANCH NO_VERSION_TO_LOSE: a build that names no version is pinned as-is
[FAIL] BRANCH HOMEBREW_LINKED: the prefix's linked name wins, with no PATH at all: derived from the located path alone: a `home shims` run with an empty environment gets the same answer as a login shell: expected <HOMEBREW_LINKED> but was <  …[truncated]
[PASS] BRANCH HOMEBREW_KEG: a keg-only formula falls to the opt alias
[PASS] BRANCH NO_DURABLE_ALIAS: with nothing versionless pointing at it, the versioned path is kept
[FAIL] GATE: a versionless alias naming a DIFFERENT build is never taken: not true: precondition: the decoy was considered as a candidate: [/var/folders/b7/rsz3g6wn4hg8zl2bwmdx61q00000gn/T/his19-brew-17324432169445121878/prefix/opt/skill-ma  …[truncated]  (precondition)
[FAIL] GATE: an alias that ALSO names a version is not an improvement: not true: precondition: the versioned alias was considered as a candidate: [/var/folders/b7/rsz3g6wn4hg8zl2bwmdx61q00000gn/T/his19-brew-17117755421561821847/brew-3.6.0/o  …[truncated]  (precondition)
[PASS] GATE: a build that does not resolve is left exactly as it was
[PASS] the version test errs narrow: a worktree, a temp dir and a bare number are not versions
[PASS] the library verdict and the command agree about one home
