# V4 -- branch moved: MAJOR 1 -- `home shims`'s REPORTER. The pin the command prints and puts in the --json `cli` field, versus the pin it wrote. Reverting this reddened NOTHING in 1402 cases before the review; the two assertions it now reddens are the whole of that finding.
# mutation:
#   pin = result.pin();
# ->
#   // pin = result.pin();
# file: src/main/java/dev/skillmanager/commands/HomeCommand.java
# generated by: probes.py V4
# verdict: FAILURES: 2
# red on a CLAIM: 2   red on a PRECONDITION only: 0
#
# A red is this probe's evidence only when the reddened assertion is the
# CLAIM. Lines marked (precondition) failed on setup and prove nothing about
# the branch -- mechanism A of the vacuity ledger.

[PASS] CLAIM 1: a home pinned BEFORE a version change still runs a CLI after it
[PASS] the writer records a VERSIONLESS pin, which is the mechanism claim 1 rests on
[PASS] CLAIM 1 CONTROL: the SAME home with a versioned pin is dead after it
[PASS] CLAIM 2: HIS-13's DANGLING_CLI_PIN does not fire on the new writer's home
[PASS] CLAIM 3: `home verify` no longer exits 0 on a home whose pin is dead
[PASS] MIGRATION: `home repair --fix` re-pins an existing home DURABLY, so the next upgrade does not break it again
[PASS] ONE ANSWER: the repairer's target is the pin the writer would write
[FAIL] MAJOR 1: `home shims` PRINTS the pin it wrote, byte for byte: the printed `pinned CLI:` is byte-equal to the pin inside bin/cli/skill-manager: expected </var/folders/b7/rsz3g6wn4hg8zl2bwmdx61q00000gn/T/his19-brew-2127068366635841411/  …[truncated]
[FAIL] MAJOR 1: the --json `cli` field is the pin that was written too: the json `cli` field is the pin that was written: expected <{"dir":"/var/folders/b7/rsz3g6wn4hg8zl2bwmdx61q00000gn/T/his19-brew-16408101729597737411/homes/reported-json  …[truncated]
[PASS] HONEST LIMIT: a package-manager alias FOLLOWS a deliberate downgrade
[PASS] IDEMPOTENT: feeding the chosen pin back in returns it unchanged
[PASS] BRANCH NO_VERSION_TO_LOSE: a build that names no version is pinned as-is
[PASS] BRANCH HOMEBREW_LINKED: the prefix's linked name wins, with no PATH at all
[PASS] BRANCH HOMEBREW_KEG: a keg-only formula falls to the opt alias
[PASS] BRANCH NO_DURABLE_ALIAS: with nothing versionless pointing at it, the versioned path is kept
[PASS] GATE: a versionless alias naming a DIFFERENT build is never taken
[PASS] GATE: an alias that ALSO names a version is not an improvement
[PASS] GATE: a build that does not resolve is left exactly as it was
[PASS] the version test errs narrow: a worktree, a temp dir and a bare number are not versions
[PASS] the library verdict and the command agree about one home
