# V9 -- branch moved: the VERSION PREDICATE itself, widened so that every path segment is a version. The instrument the whole class keys on -- ledger row 14's lesson applied to a predicate rather than to a grep.
# mutation:
#   private static final Pattern VERSIONED_SEGMENT =
            Pattern.compile("(?:.*[-_])?" + VERSION.pattern());
# ->
#   private static final Pattern VERSIONED_SEGMENT =
            Pattern.compile(".*");
# file: src/main/java/dev/skillmanager/launch/DurableCliPin.java
# generated by: probes.py V9
# verdict: FAILURES: 14
# red on a CLAIM: 12   red on a PRECONDITION only: 2
#
# A red is this probe's evidence only when the reddened assertion is the
# CLAIM. Lines marked (precondition) failed on setup and prove nothing about
# the branch -- mechanism A of the vacuity ledger.

[FAIL] CLAIM 1: a home pinned BEFORE a version change still runs a CLI after it: expected false: precondition: the sandbox path itself names no version, so 'versionless' is a statement about the pin and not about where the fixture happens t  …[truncated]  (precondition)
[FAIL] the writer records a VERSIONLESS pin, which is the mechanism claim 1 rests on: expected false: and it names no version: /var/folders/b7/rsz3g6wn4hg8zl2bwmdx61q00000gn/T/his19-brew-1875624931831624066/prefix/Cellar/skill-manager/0.23.  …[truncated]
[FAIL] CLAIM 1 CONTROL: the SAME home with a versioned pin is dead after it: and its twin over the same sandbox still runs — one disk state, two pins, two verdicts: expected <BUILD 0.24.0> but was <skill-manager: the CLI pinned for the home  …[truncated]
[FAIL] CLAIM 2: HIS-13's DANGLING_CLI_PIN does not fire on the new writer's home: not true: no DANGLING_CLI_PIN on a home pinned by the new writer: [DANGLING_CLI_PIN bin/cli/skill-manager — pins the build at /var/folders/b7/rsz3g6wn4hg8zl2b  …[truncated]
[FAIL] CLAIM 3: `home verify` no longer exits 0 on a home whose pin is dead: while the durably-pinned twin over the same sandbox still passes: ✗ 1 CLI pin(s) in /var/folders/b7/rsz3g6wn4hg8zl2bwmdx61q00000gn/T/his19-brew-1699183193370648068  …[truncated]
[FAIL] MIGRATION: `home repair --fix` re-pins an existing home DURABLY, so the next upgrade does not break it again: expected false: and the repair wrote a DURABLE pin, not the located keg path: /var/folders/b7/rsz3g6wn4hg8zl2bwmdx61q00000g  …[truncated]
[PASS] ONE ANSWER: the repairer's target is the pin the writer would write
[FAIL] MAJOR 1: `home shims` PRINTS the pin it wrote, byte for byte: not true: precondition: this fixture substitutes, so the printed and the located paths are genuinely different strings  (precondition)
[FAIL] MAJOR 1: the --json `cli` field is the pin that was written too: expected false: and not the located build
[FAIL] HONEST LIMIT: a package-manager alias FOLLOWS a deliberate downgrade: the home follows the operator's own installation backwards — this is a LIMIT of the design, deliberately recorded. It is not issue #61: nothing was resolved at lau  …[truncated]
[PASS] IDEMPOTENT: feeding the chosen pin back in returns it unchanged
[FAIL] BRANCH NO_VERSION_TO_LOSE: a build that names no version is pinned as-is: a source checkout has nothing to gain and is not rewritten: expected <NO_VERSION_TO_LOSE> but was <NO_DURABLE_ALIAS>
[FAIL] BRANCH HOMEBREW_LINKED: the prefix's linked name wins, with no PATH at all: derived from the located path alone: a `home shims` run with an empty environment gets the same answer as a login shell: expected <HOMEBREW_LINKED> but was <  …[truncated]
[FAIL] BRANCH HOMEBREW_KEG: a keg-only formula falls to the opt alias: opt/<formula> is maintained for keg-only formulae too: expected <HOMEBREW_KEG> but was <NO_DURABLE_ALIAS>
[PASS] BRANCH NO_DURABLE_ALIAS: with nothing versionless pointing at it, the versioned path is kept
[FAIL] GATE: a versionless alias naming a DIFFERENT build is never taken: and the reason it was refused is recorded, not silent: expected <skipped: names a version too (var)> to contain <which is a DIFFERENT build>
[PASS] GATE: an alias that ALSO names a version is not an improvement
[PASS] GATE: a build that does not resolve is left exactly as it was
[FAIL] the version test errs narrow: a worktree, a temp dir and a bare number are not versions: expected false: wt-246-his-19 is not a version
[PASS] the library verdict and the command agree about one home
