# V11 -- branch moved: shape 3's CONJUNCTION: 'declared and missing' alone, without 'the parent holds it'.
# mutation:
#   if (Files.exists(store.resolve(rel), LinkOption.NOFOLLOW_LINKS)) continue;
            for (Path parent : pare
# ->
#   if (Files.exists(store.resolve(rel), LinkOption.NOFOLLOW_LINKS)) continue;
            for (Path parent : pare

[PASS] a healthy ROOT-TIER home is reported clean, over a non-zero subject count
[FAIL] a merely STALE home is not reported as damaged: not true: an unacknowledged drift record, an out-of-date unit and a declared-but-unbuilt artifact are all NORMAL. got: [PRUNED_INHERITED_ENTRY bin/cli/never-built — is declared here, is  …[truncated]
[PASS] all four damage shapes are reported, one line each, naming the repair
[PASS] DETECTION REPAIRS NOTHING — run it twice and the damage is still there
[PASS] REPAIR makes detection clean, and it is DETECTION that says so
[PASS] REPAIR IS IDEMPOTENT — the second run changes no bytes
[PASS] the agent axis comes from the HOME and not from the ENVIRONMENT
[PASS] a repair cannot write outside the two axes of the home it was given
[PASS] `home repair` reports and exits 1; `--fix` repairs and exits 0
[PASS] a home damaged AFTER a repair goes red again — the verdict is not sticky
[PASS] a FORGED descent record buys no repair — the chain it names must re-derive
[PASS] detection uses HIS-10's reader: a SANCTIONED inherited shim is not damage

Note: Recompile with -Xlint:deprecation for details.
