# V13 -- branch moved: BLOCKER 1's fix: the lazy_artifacts gate on shape 3.
# mutation:
#   if (HomePolicy.lazyArtifacts(new SkillStore(store))) return 0;
# ->
#   if (false && HomePolicy.lazyArtifacts(new SkillStore(store))) return 0;
# file: src/main/java/dev/skillmanager/store/HomeRepair.java
# generated by: probes.py V13
# verdict: FAILURES: 2
# red on a CLAIM: 2   red on a PRECONDITION only: 0
#
# A red is this probe's evidence only when the reddened assertion is the
# CLAIM. Lines marked (precondition) failed on setup and prove nothing about
# the branch -- mechanism A of the vacuity ledger.

[PASS] a healthy ROOT-TIER home is reported clean, over a non-zero subject count
[FAIL] a merely STALE home is not reported as damaged: not true: an unacknowledged drift record, an out-of-date unit and a declared-but-unbuilt artifact are all NORMAL. got: [PRUNED_INHERITED_ENTRY bin/cli/alpha-tool — is declared here, is   …[truncated]
[FAIL] BLOCKER 1: one disk state, two policies, and the verdict follows the policy: not true: and the identical home that DID defer is not damaged at all — this is the state every clone this program makes is in from birth; got [PRUNED_INHER  …[truncated]
[PASS] an EAGER home missing an entry no parent holds is not a repair this command can make
[PASS] all four damage shapes are reported, one line each, naming the repair
[PASS] BLOCKER 2: a rewrite replaces a PATH, not a substring, and keeps the shim running
[PASS] BLOCKER 2 postcondition: a rewrite that would break the shim is REFUSED
[PASS] DETECTION REPAIRS NOTHING — run it twice and the damage is still there
[PASS] REPAIR makes detection clean, and it is DETECTION that says so
[PASS] REPAIR IS IDEMPOTENT — the second run changes no bytes
[PASS] M3: a projection this home cannot back is reported UNREPAIRABLE, not relinked
[PASS] M3: a broken CLI pin with no locatable build is reported, with the runnable remedy
[PASS] the agent axis comes from the HOME and not from the ENVIRONMENT
[PASS] a repair cannot write outside the two axes of the home it was given
[PASS] `home repair` reports and exits 1; `--fix` repairs and exits 0
[PASS] a home damaged AFTER a repair goes red again — the verdict is not sticky
[PASS] HIS-9's measurement target: a home whose bin/cli IS a link is NAMED
[PASS] a FORGED descent record buys no repair — the chain it names must re-derive
[PASS] detection uses HIS-10's reader: a SANCTIONED inherited shim is not damage
