# V14 -- branch moved: BLOCKER 2's fix, LAYER 1: whole-path replacement. The postcondition below is left in place, so this shows the second layer catching the first's failure.
# mutation:
#   String replaced = replaceWholePath(text, candidate.toString(),
                finding.target().toString());
# ->
#   String replaced = text.replace(candidate.toString(), finding.target().toString());
# file: src/main/java/dev/skillmanager/store/HomeRepair.java
# generated by: probes.py V14
# verdict: FAILURES: 1
# red on a CLAIM: 1   red on a PRECONDITION only: 0
#
# A red is this probe's evidence only when the reddened assertion is the
# CLAIM. Lines marked (precondition) failed on setup and prove nothing about
# the branch -- mechanism A of the vacuity ledger.

[PASS] a healthy ROOT-TIER home is reported clean, over a non-zero subject count
[PASS] a merely STALE home is not reported as damaged
[PASS] BLOCKER 1: one disk state, two policies, and the verdict follows the policy
[PASS] an EAGER home missing an entry no parent holds is not a repair this command can make
[PASS] all four damage shapes are reported, one line each, naming the repair
[FAIL] BLOCKER 2: a rewrite replaces a PATH, not a substring, and keeps the shim running: while the repairable base path WAS rewritten, so this is not passing by doing nothing: expected <#!/usr/bin/env bash
[PASS] BLOCKER 2 postcondition: a rewrite that would break the shim is REFUSED
[PASS] DETECTION REPAIRS NOTHING — run it twice and the damage is still there
[PASS] REPAIR makes detection clean, and it is DETECTION that says so
[PASS] REPAIR IS IDEMPOTENT — the second run changes no bytes
[PASS] M3: a projection this home cannot back is reported UNREPAIRABLE, not relinked
[PASS] M3: a broken CLI pin with no locatable build is reported, with the runnable remedy
[PASS] the agent axis comes from the HOME and not from the ENVIRONMENT
[PASS] a repair cannot write outside the two axes of the home it was given
[PASS] `home repair` reports and exits 1; `--fix` repairs and exits 0
[PASS] a home damaged AFTER a repair goes red again — the verdict is not sticky
[PASS] HIS-9's measurement target: a home whose bin/cli IS a link is NAMED
[PASS] a FORGED descent record buys no repair — the chain it names must re-derive
[PASS] detection uses HIS-10's reader: a SANCTIONED inherited shim is not damage
