# V5 -- branch moved: DEF-067's hazard, PLANTED: the observer repairs what it finds.
# mutation:
#   public static Report detect(Path store, Path cliPin) {
        Path root = store.toAbsolutePath().normalize();
# ->
#   public static Report detect(Path store, Path cliPin) {
        Path root = store.toAbsolutePath().normalize();
        try { if (!DETECT_REE
# file: src/main/java/dev/skillmanager/store/HomeRepair.java
# generated by: probes.py V5
# verdict: FAILURES: 11
# red on a CLAIM: 9   red on a PRECONDITION only: 2
#
# A red is this probe's evidence only when the reddened assertion is the
# CLAIM. Lines marked (precondition) failed on setup and prove nothing about
# the branch -- mechanism A of the vacuity ledger.

[PASS] a healthy ROOT-TIER home is reported clean, over a non-zero subject count
[PASS] a merely STALE home is not reported as damaged
[FAIL] BLOCKER 1: one disk state, two policies, and the verdict follows the policy: not true: a home that deferred NOTHING and is missing an entry point it declares is damaged; got []
[PASS] an EAGER home missing an entry no parent holds is not a repair this command can make
[FAIL] all four damage shapes are reported, one line each, naming the repair: expected false: a home damaged four ways is not clean
[FAIL] BLOCKER 2: a rewrite replaces a PATH, not a substring, and keeps the shim running: two foreign paths in one shim; got [FOREIGN_PATH_IN_SHIM bin/cli/prefix — runs /var/folders/b7/rsz3g6wn4hg8zl2bwmdx61q00000gn/T/home-repair-blocker2-1  …[truncated]
[PASS] BLOCKER 2 postcondition: a rewrite that would break the shim is REFUSED
[FAIL] DETECTION REPAIRS NOTHING — run it twice and the damage is still there: two bare detection runs changed NOTHING — asserted over every file's content and every link's target, on both axes: expected </var/folders/b7/rsz3g6wn4hg8zl2bwmd  …[truncated]
[FAIL] REPAIR makes detection clean, and it is DETECTION that says so: expected false: precondition: damaged  (precondition)
[PASS] REPAIR IS IDEMPOTENT — the second run changes no bytes
[PASS] M3: a projection this home cannot back is reported UNREPAIRABLE, not relinked
[FAIL] M3: a broken CLI pin with no locatable build is reported, with the runnable remedy: No value present
[FAIL] the agent axis comes from the HOME and not from the ENVIRONMENT: not true: detection found the damage in the home it was GIVEN, with the environment naming a different one; got: []
[PASS] a repair cannot write outside the two axes of the home it was given
[FAIL] `home repair` reports and exits 1; `--fix` repairs and exits 0: detection on a damaged home exits 1:
[FAIL] a home damaged AFTER a repair goes red again — the verdict is not sticky: expected false: fresh damage after a repair is still damage
[PASS] HIS-9's measurement target: a home whose bin/cli IS a link is NAMED
[FAIL] a FORGED descent record buys no repair — the chain it names must re-derive: expected false: precondition: with the REAL claim in place the pruned entry is reported, so this fixture can express the finding  (precondition)
[FAIL] detection uses HIS-10's reader: a SANCTIONED inherited shim is not damage: not true: and with the record gone the SAME bytes are damage — so the verdict above came from production's sanction and not from this detector being blind. go  …[truncated]
