# KEPT DELIBERATELY. This probe reddened NOTHING -- 12 passed, 0 failed --
# and is ledger row 12: mechanism D, in this ticket's own harness, one ticket
# after the ledger named it. Restored by hand after a `rm V*.out` sweep during
# the PR #244 rework, which is its own small lesson about globs.
#
# It is NOT regenerable from the current probes.py: the branch it mutated
# (rewrite's no-op guard) and the loop it ran against have both been rewritten
# since. It is a historical record, and it is labelled as one.
#
# V6 -- branch moved: the rewrite arm's no-op guard -- idempotence.
# mutation:
#   String replaced = text.replace(candidate.toString(), finding.target().toString());
        if (replaced.equals
# ->
#   String replaced = text.replace(candidate.toString(), finding.target().toString()) + "# touched\n";

[PASS] a healthy ROOT-TIER home is reported clean, over a non-zero subject count
[PASS] a merely STALE home is not reported as damaged
[PASS] all four damage shapes are reported, one line each, naming the repair
[PASS] DETECTION REPAIRS NOTHING — run it twice and the damage is still there
[PASS] REPAIR makes detection clean, and it is DETECTION that says so
[PASS] REPAIR IS IDEMPOTENT — the second run changes no bytes
[PASS] the agent axis comes from the HOME and not from the ENVIRONMENT
[PASS] a repair cannot write outside the two axes of the home it was given
[PASS] `home repair` reports and exits 1; `--fix` repairs and exits 0
[PASS] a home damaged AFTER a repair goes red again — the verdict is not sticky
[PASS] a FORGED descent record buys no repair — the chain it names must re-derive
[PASS] detection uses HIS-10's reader: a SANCTIONED inherited shim is not damage

Note: Recompile with -Xlint:deprecation for details.
